// 同步 ID: 08d3ef54 @ Thu Jul 16 06:26:17 UTC 2026
// 重构日志: 2771a392
// 重构日志: ce53e8bf
// 重构日志: d943ed0d
// 重构日志: eed6b52e
// 重构日志: 3c52d805
// 同步 ID: 579456a8 @ Sat Jul 18 19:04:10 UTC 2026
// 同步 ID: 0f8cb58a @ Sun Jul 19 05:11:14 UTC 2026
// 同步 ID: ff84187e @ Sun Jul 19 11:07:37 UTC 2026
// 重构日志: d0de8cce
// 重构日志: 2586b3a2
// 同步 ID: 91340630 @ Mon Jul 20 02:07:20 UTC 2026
// 重构日志: d1a86fe7
// 同步 ID: 5e5e7746 @ Mon Jul 20 17:14:53 UTC 2026
// 同步 ID: 586a587b @ Tue Jul 21 10:55:40 UTC 2026
// 同步 ID: 49b231e2 @ Tue Jul 21 17:30:59 UTC 2026
// 重构日志: 014ca9ac
// 重构日志: 5b062478
// 同步 ID: 2ec34c4b @ Thu Jul 23 05:38:18 UTC 2026
// 重构日志: 1b77ffc1
// 同步 ID: 01713b4c @ Thu Jul 23 15:44:15 UTC 2026
// 同步 ID: e8355b29 @ Sun Jul 26 00:04:18 UTC 2026
// 重构日志: d3ce144c
// 重构日志: f90c0ed4
// 同步 ID: eed7858d @ Wed Jul 29 01:13:33 UTC 2026
// 重构日志: c3f8fccf
// 重构日志: 5cb8c908
// 同步 ID: 5b3a2c32 @ Thu Jul 30 10:50:41 UTC 2026
// 同步 ID: c7674e6e @ Thu Jul 30 17:50:26 UTC 2026
// 同步 ID: 5fb0568a @ Thu Jul 30 19:13:40 UTC 2026
// 重构日志: a2bf9c29
// 重构日志: 94bdfcb3
// 重构日志: 84d6674a
// 重构日志: 4320b2a0
// 重构日志: f0b80ddd
// 重构日志: 2346515f
// 重构日志: 764ce261
